
Memory Configuration

Name             Origin             Length             Attributes
vexriscv_debug   0x00000000f00f0000 0x0000000000000100
dff              0x0000000000000000 0x0000000000000400
dff2             0x0000000000000400 0x0000000000000200
flash            0x0000000010000000 0x0000000001000000
mprj             0x0000000030000000 0x0000000000100000
mprjram          0x0000000038000000 0x0000000000004000
mprjfir          0x0000000036000000 0x0000000000004000
mprjmm           0x0000000034000000 0x0000000000004000
mprjqs           0x0000000032000000 0x0000000000004000
hk               0x0000000026000000 0x0000000000100000
csr              0x00000000f0000000 0x0000000000010000
*default*        0x0000000000000000 0xffffffffffffffff

Linker script and memory map

                0x0000000000000000                __DYNAMIC = 0x0

.text           0x0000000010000000      0x1fc
                0x0000000010000000                _ftext = .
 *crt0*(.text)
 .text          0x0000000010000000      0x148 counter_la_mm.elf-crt0_vex.o
                0x0000000010000000                _start
                0x0000000010000020                trap_entry
 *crt0*(.text)
 *(.text.isr)
                0x0000000010000148                _etext = .
 .text          0x0000000010000148       0x3c counter_la_mm.elf-isr.o
                0x0000000010000148                isr
 .text          0x0000000010000184        0x0 counter_la_mm.elf-func.o
 .text          0x0000000010000184       0x78 counter_la_mm.elf-counter_la_mm.o
                0x0000000010000184                putchar
                0x00000000100001c8                print

.mprj           0x00000000100001fc       0xe8
 .mprj          0x00000000100001fc       0xe8 counter_la_mm.elf-func.o
                0x00000000100001fc                uart_write
                0x0000000010000214                uart_write_char
                0x0000000010000258                uart_write_string
                0x000000001000028c                uart_read_char
                0x00000000100002bc                uart_read

.text.startup   0x00000000100002e4      0x150
 .text.startup  0x00000000100002e4      0x150 counter_la_mm.elf-counter_la_mm.o
                0x00000000100002e4                main

.rela.dyn       0x0000000010000434        0x0
 .rela.text     0x0000000010000434        0x0 counter_la_mm.elf-crt0_vex.o

.rodata         0x0000000010000434        0x4
                0x0000000010000438                . = ALIGN (0x8)
 *fill*         0x0000000010000434        0x4 
                0x0000000010000438                _frodata = .
 *(.rodata .rodata.* .gnu.linkonce.r.*)
 *(.rodata1)
                0x0000000010000438                . = ALIGN (0x8)
                0x0000000010000438                _erodata = .

.data           0x0000000000000000        0x8 load address 0x0000000010000438
                0x0000000000000000                . = ALIGN (0x8)
                0x0000000000000000                _fdata = .
 *(.data .data.* .gnu.linkonce.d.*)
 .data          0x0000000000000000        0x0 counter_la_mm.elf-crt0_vex.o
 .data          0x0000000000000000        0x0 counter_la_mm.elf-isr.o
 .data          0x0000000000000000        0x0 counter_la_mm.elf-func.o
 .data          0x0000000000000000        0x0 counter_la_mm.elf-counter_la_mm.o
 *(.data1)
                0x0000000000000000                _gp = ALIGN (0x10)
 *(.sdata .sdata.* .gnu.linkonce.s.*)
 .sdata         0x0000000000000000        0x4 counter_la_mm.elf-isr.o
                0x0000000000000000                counter
                0x0000000000000008                . = ALIGN (0x8)
 *fill*         0x0000000000000004        0x4 
                0x0000000000000008                _edata = .

.bss            0x0000000000000008        0x0 load address 0x0000000010000440
                0x0000000000000008                . = ALIGN (0x8)
                0x0000000000000008                _fbss = .
 *(.dynsbss)
 *(.sbss .sbss.* .gnu.linkonce.sb.*)
 *(.scommon)
 *(.dynbss)
 *(.bss .bss.* .gnu.linkonce.b.*)
 .bss           0x0000000000000008        0x0 counter_la_mm.elf-crt0_vex.o
 .bss           0x0000000000000008        0x0 counter_la_mm.elf-isr.o
 .bss           0x0000000000000008        0x0 counter_la_mm.elf-func.o
 .bss           0x0000000000000008        0x0 counter_la_mm.elf-counter_la_mm.o
 *(COMMON)
                0x0000000000000008                . = ALIGN (0x8)
                0x0000000000000008                _ebss = .
                0x0000000000000008                _end = .

.mprjram        0x0000000038000000      0x1d8 load address 0x0000000010000440
                0x0000000038000000                . = ALIGN (0x8)
                0x0000000038000000                _fsram = .
 *libgcc.a:*(.text .text.*)
 .mprjram       0x0000000038000000      0x1d8 counter_la_mm.elf-counter_la_mm.o
                0x0000000038000000                mmatrix
                0x0000000038000074                QS
                0x0000000038000104                fir
                0x0000000000000600                PROVIDE (_fstack = (ORIGIN (dff2) + LENGTH (dff2)))
                0x0000000010000438                PROVIDE (_fdata_rom = LOADADDR (.data))
                [!provide]                        PROVIDE (_edata_rom = (LOADADDR (.data) + SIZEOF (.data)))
                0x00000000380001d8                PROVIDE (_esram = (ORIGIN (mprjram) + SIZEOF (.mprjram)))
                0x0000000010000440                PROVIDE (_esram_rom = LOADADDR (.mprjram))
LOAD counter_la_mm.elf-crt0_vex.o
LOAD counter_la_mm.elf-isr.o
LOAD counter_la_mm.elf-func.o
LOAD counter_la_mm.elf-counter_la_mm.o
LOAD /opt/riscv/lib/gcc/riscv32-unknown-elf/12.1.0/libgcc.a
START GROUP
LOAD /opt/riscv/lib/gcc/riscv32-unknown-elf/12.1.0/../../../../riscv32-unknown-elf/lib/libc.a
LOAD /opt/riscv/lib/gcc/riscv32-unknown-elf/12.1.0/../../../../riscv32-unknown-elf/lib/libgloss.a
END GROUP
LOAD /opt/riscv/lib/gcc/riscv32-unknown-elf/12.1.0/libgcc.a
OUTPUT(counter_la_mm.elf elf32-littleriscv)

.riscv.attributes
                0x0000000000000000       0x20
 .riscv.attributes
                0x0000000000000000       0x1e counter_la_mm.elf-crt0_vex.o
 .riscv.attributes
                0x000000000000001e       0x20 counter_la_mm.elf-isr.o
 .riscv.attributes
                0x000000000000003e       0x1c counter_la_mm.elf-func.o
 .riscv.attributes
                0x000000000000005a       0x20 counter_la_mm.elf-counter_la_mm.o

.comment        0x0000000000000000       0x1b
 .comment       0x0000000000000000       0x1b counter_la_mm.elf-isr.o
                                         0x1c (size before relaxing)
 .comment       0x000000000000001b       0x1c counter_la_mm.elf-func.o
 .comment       0x000000000000001b       0x1c counter_la_mm.elf-counter_la_mm.o

.debug_line     0x0000000000000000     0x1195
 .debug_line    0x0000000000000000      0x20a counter_la_mm.elf-crt0_vex.o
 .debug_line    0x000000000000020a      0x121 counter_la_mm.elf-isr.o
 .debug_line    0x000000000000032b      0x2dc counter_la_mm.elf-func.o
 .debug_line    0x0000000000000607      0xb8e counter_la_mm.elf-counter_la_mm.o

.debug_line_str
                0x0000000000000000       0xf9
 .debug_line_str
                0x0000000000000000       0x58 counter_la_mm.elf-crt0_vex.o
 .debug_line_str
                0x0000000000000058       0x83 counter_la_mm.elf-isr.o
                                        0x11a (size before relaxing)
 .debug_line_str
                0x00000000000000db        0x7 counter_la_mm.elf-func.o
                                         0xd4 (size before relaxing)
 .debug_line_str
                0x00000000000000e2       0x17 counter_la_mm.elf-counter_la_mm.o
                                        0x130 (size before relaxing)

.debug_info     0x0000000000000000      0x688
 .debug_info    0x0000000000000000       0x25 counter_la_mm.elf-crt0_vex.o
 .debug_info    0x0000000000000025      0x1cc counter_la_mm.elf-isr.o
 .debug_info    0x00000000000001f1      0x180 counter_la_mm.elf-func.o
 .debug_info    0x0000000000000371      0x317 counter_la_mm.elf-counter_la_mm.o

.debug_abbrev   0x0000000000000000      0x462
 .debug_abbrev  0x0000000000000000       0x14 counter_la_mm.elf-crt0_vex.o
 .debug_abbrev  0x0000000000000014      0x170 counter_la_mm.elf-isr.o
 .debug_abbrev  0x0000000000000184      0x107 counter_la_mm.elf-func.o
 .debug_abbrev  0x000000000000028b      0x1d7 counter_la_mm.elf-counter_la_mm.o

.debug_aranges  0x0000000000000000       0xc0
 .debug_aranges
                0x0000000000000000       0x20 counter_la_mm.elf-crt0_vex.o
 .debug_aranges
                0x0000000000000020       0x20 counter_la_mm.elf-isr.o
 .debug_aranges
                0x0000000000000040       0x40 counter_la_mm.elf-func.o
 .debug_aranges
                0x0000000000000080       0x40 counter_la_mm.elf-counter_la_mm.o

.debug_str      0x0000000000000000      0x213
 .debug_str     0x0000000000000000       0x64 counter_la_mm.elf-crt0_vex.o
 .debug_str     0x0000000000000064      0x11b counter_la_mm.elf-isr.o
                                        0x15c (size before relaxing)
 .debug_str     0x000000000000017f       0x31 counter_la_mm.elf-func.o
                                        0x133 (size before relaxing)
 .debug_str     0x00000000000001b0       0x63 counter_la_mm.elf-counter_la_mm.o
                                        0x17a (size before relaxing)

.debug_loclists
                0x0000000000000000      0x282
 .debug_loclists
                0x0000000000000000       0x52 counter_la_mm.elf-isr.o
 .debug_loclists
                0x0000000000000052       0x7a counter_la_mm.elf-func.o
 .debug_loclists
                0x00000000000000cc      0x1b6 counter_la_mm.elf-counter_la_mm.o

.debug_rnglists
                0x0000000000000000       0x93
 .debug_rnglists
                0x0000000000000000       0x1f counter_la_mm.elf-isr.o
 .debug_rnglists
                0x000000000000001f       0x3a counter_la_mm.elf-func.o
 .debug_rnglists
                0x0000000000000059       0x3a counter_la_mm.elf-counter_la_mm.o

.debug_frame    0x0000000000000000      0x158
 .debug_frame   0x0000000000000000       0x2c counter_la_mm.elf-isr.o
 .debug_frame   0x000000000000002c       0x84 counter_la_mm.elf-func.o
 .debug_frame   0x00000000000000b0       0xa8 counter_la_mm.elf-counter_la_mm.o
